(model
  (v (f64 1.))
  (w (f64 -3.38460706455e+125))
  (x (f64 314159265359.))
  (y (f64 nan))
  (z (f64 infinity)))