(model
  (w 0x00000004)
  (x 0x00000001)
  (y 0x00000002)
  (z 0x00000003))