(model
  (w i32 4)
  (x i32 1)
  (y i32 2)
  (z i32 3))